[2026-01-05 14:19:26] [IP: ::1] Failed login attempt for email: jepoy@gmail.com - Reason: Wrong password
[2026-01-05 14:34:04] [IP: ::1] Failed login attempt for email: jepoy@gmail.com - Reason: Wrong password
[2026-01-05 14:34:09] [IP: ::1] Failed login attempt for email: jepoy@gmail.com - Reason: Wrong password
[2026-01-05 14:44:45] [IP: ::1] Failed login attempt for email: edcaluag@gmail.com - Reason: Wrong password
[2026-01-05 14:45:19] [IP: ::1] Failed login attempt for email: edcaluag@gmail.com - Reason: Wrong password
[2026-01-05 14:45:27] [IP: ::1] Failed login attempt for email: blocked - Reason: Account locked - IP: ::1
[2026-01-05 14:45:33] [IP: ::1] Failed login attempt for email: blocked - Reason: Account locked - IP: ::1
[2026-01-05 14:45:37] [IP: ::1] Failed login attempt for email: blocked - Reason: Account locked - IP: ::1
[2026-01-05 14:45:44] [IP: ::1] Failed login attempt for email: blocked - Reason: Account locked - IP: ::1
[2026-01-05 14:45:46] [IP: ::1] Failed login attempt for email: blocked - Reason: Account locked - IP: ::1
[2026-01-05 14:45:47] [IP: ::1] Failed login attempt for email: blocked - Reason: Account locked - IP: ::1
[2026-01-05 14:45:48] [IP: ::1] Failed login attempt for email: blocked - Reason: Account locked - IP: ::1
[2026-01-05 14:45:48] [IP: ::1] Failed login attempt for email: blocked - Reason: Account locked - IP: ::1
[2026-01-05 14:45:48] [IP: ::1] Failed login attempt for email: blocked - Reason: Account locked - IP: ::1
[2026-01-05 14:45:48] [IP: ::1] Failed login attempt for email: blocked - Reason: Account locked - IP: ::1
[2026-01-05 14:45:48] [IP: ::1] Failed login attempt for email: blocked - Reason: Account locked - IP: ::1
[2026-01-05 14:45:48] [IP: ::1] Failed login attempt for email: blocked - Reason: Account locked - IP: ::1
[2026-01-05 14:46:12] [IP: ::1] Failed login attempt for email: blocked - Reason: Account locked - IP: ::1
[2026-01-05 14:46:29] [IP: ::1] Failed login attempt for email: blocked - Reason: Account locked - IP: ::1
[2026-01-05 14:46:58] [IP: ::1] Failed login attempt for email: blocked - Reason: Account locked - IP: ::1
[2026-01-05 14:47:21] [IP: ::1] Failed login attempt for email: blocked - Reason: Account locked - IP: ::1
[2026-01-05 14:47:24] [IP: ::1] Failed login attempt for email: blocked - Reason: Account locked - IP: ::1
[2026-01-05 14:53:58] [IP: ::1] Failed login attempt for email: blocked - Reason: Account locked - IP: ::1
[2026-01-05 14:56:59] [IP: ::1] Failed login attempt for email: admin@gmail.com - Reason: Wrong password
[2026-01-05 14:57:02] [IP: ::1] Failed login attempt for email: admin@gmail.com - Reason: Wrong password
[2026-01-05 14:57:06] [IP: ::1] Failed login attempt for email: admin@gmail.com - Reason: Wrong password
[2026-01-05 14:58:00] [IP: ::1] Failed login attempt for email: admin@gmail.com - Reason: Wrong password
[2026-01-05 14:58:03] [IP: ::1] Failed login attempt for email: admin@gmail.com - Reason: Wrong password
[2026-01-05 14:58:21] [IP: ::1] Failed login attempt for email: admin@gmail.com - Reason: Wrong password
[2026-01-05 15:00:24] [IP: ::1] Failed login attempt for email: admin@gmail.com - Reason: Email not found
[2026-01-05 15:00:27] [IP: ::1] Failed login attempt for email: admin@gmail.com - Reason: Email not found
[2026-01-05 15:02:50] [IP: ::1] Failed login attempt for email: admin@gmail.com - Reason: Wrong password
[2026-01-05 15:02:54] [IP: ::1] Failed login attempt for email: admin@gmail.com - Reason: Wrong password
[2026-01-05 15:05:27] [IP: ::1] Failed login attempt for email: alexis123@gmail.com - Reason: Wrong password
[2026-01-05 15:11:23] [IP: ::1] Failed login attempt for email: alexis123@gmail.com - Reason: Wrong password
[2026-01-05 15:12:02] [IP: ::1] Failed login attempt for email: admin@gmail.com - Reason: Wrong password
[2026-01-05 15:12:05] [IP: ::1] Failed login attempt for email: admin@gmail.com - Reason: Wrong password
[2026-01-05 15:12:16] [IP: ::1] Failed login attempt for email: admin@gmail.com - Reason: Wrong password
[2026-01-05 15:12:32] [IP: ::1] Failed login attempt for email: admin@gmail.com - Reason: Wrong password
[2026-01-05 15:14:35] [IP: ::1] Failed login attempt for email: admin@gmail.com - Reason: Wrong password
[2026-01-05 15:15:19] [IP: ::1] Failed login attempt for email: admin@gmail.com - Reason: Wrong password
[2026-01-05 15:21:35] [IP: ::1] Failed login attempt for email: admin@gmail.com - Reason: Wrong password
[2026-01-05 15:31:23] [IP: ::1] Failed login attempt for email: admin@gmail.com - Reason: Wrong password
[2026-01-05 15:37:10] [IP: ::1] Failed login attempt for email: admin@gmail.com - Reason: Email not found
[2026-01-05 15:37:23] [IP: ::1] Failed login attempt for email: admin@gmail.com - Reason: Email not found
[2026-01-05 15:38:15] [IP: ::1] Failed login attempt for email: admin@gmail.com - Reason: Wrong password
[2026-01-05 15:38:18] [IP: ::1] Failed login attempt for email: admin@gmail.com - Reason: Wrong password
[2026-01-05 15:38:21] [IP: ::1] Failed login attempt for email: admin@gmail.com - Reason: Wrong password
[2026-01-05 15:39:05] [IP: ::1] Failed login attempt for email: admin@gmail.com - Reason: Email not found
